// Jest Snapshot v1, https://goo.gl/fbAQLP

exports[`Tokenize erosjonsmotstand 1`] = `
Array [
  "Erosjonsmotstand",
  "i",
  "sorterte",
  "sedimenter",
]
`;
